0 verbose cli C:\Program Files\nodejs\node.exe C:\Program Files\nodejs\node_modules\npm\bin\npm-cli.js
1 info using npm@10.9.0
2 info using node@v22.11.0
3 silly config load:file:C:\Program Files\nodejs\node_modules\npm\npmrc
4 silly config load:file:C:\xampp\htdocs\sergio-portfolio\.npmrc
5 silly config load:file:C:\Users\Rj\.npmrc
6 silly config load:file:C:\Users\Rj\AppData\Roaming\npm\etc\npmrc
7 verbose title npm install
8 verbose argv "install"
9 verbose logfile logs-max:10 dir:C:\xampp\htdocs\sergio-portfolio\.npm-cache\_logs\2026-09-29T05_20_40_242Z-
10 verbose logfile C:\xampp\htdocs\sergio-portfolio\.npm-cache\_logs\2026-09-29T05_20_40_242Z-debug-0.log
11 silly logfile done cleaning log files
12 silly packumentCache heap:2197815296 maxSize:549453824 maxEntrySize:274726912
13 silly idealTree buildDeps
14 silly reify moves {}
15 verbose stack Error: Could not read package.json: Error: ENOENT: no such file or directory, open 'C:\xampp\htdocs\sergio-portfolio\package.json'
15 verbose stack     at async open (node:internal/fs/promises:638:25)
15 verbose stack     at async readFile (node:internal/fs/promises:1238:14)
15 verbose stack     at async read (C:\Program Files\nodejs\node_modules\npm\node_modules\@npmcli\package-json\lib\read-package.js:9:18)
15 verbose stack     at async PackageJson.load (C:\Program Files\nodejs\node_modules\npm\node_modules\@npmcli\package-json\lib\index.js:130:31)
15 verbose stack     at async PackageJson.normalize (C:\Program Files\nodejs\node_modules\npm\node_modules\@npmcli\package-json\lib\index.js:116:5)
15 verbose stack     at async runScript (C:\Program Files\nodejs\node_modules\npm\node_modules\@npmcli\run-script\lib\run-script.js:11:28)
15 verbose stack     at async Install.exec (C:\Program Files\nodejs\node_modules\npm\lib\commands\install.js:163:9)
15 verbose stack     at async Npm.exec (C:\Program Files\nodejs\node_modules\npm\lib\npm.js:207:9)
15 verbose stack     at async module.exports (C:\Program Files\nodejs\node_modules\npm\lib\cli\entry.js:74:5)
16 error code ENOENT
17 error syscall open
18 error path C:\xampp\htdocs\sergio-portfolio\package.json
19 error errno -4058
20 error enoent Could not read package.json: Error: ENOENT: no such file or directory, open 'C:\xampp\htdocs\sergio-portfolio\package.json'
21 error enoent This is related to npm not being able to find a file.
21 error enoent
22 verbose cwd C:\xampp\htdocs\sergio-portfolio
23 verbose os Windows_NT 10.0.26200
24 verbose node v22.11.0
25 verbose npm  v10.9.0
26 verbose exit -4058
27 verbose code -4058
28 error A complete log of this run can be found in: C:\xampp\htdocs\sergio-portfolio\.npm-cache\_logs\2026-09-29T05_20_40_242Z-debug-0.log
